2025-04-29 17:16:29,414 [Worker-5: Loading available Gradle versions] INFO  o.e.b.c.i.u.g.PublishedGradleVersions - Gradle version information cache is not available. Remote download required.
2025-04-29 17:17:56,041 [Worker-6: Importing Maven projects] INFO  o.e.m.c.i.l.LifecycleMappingFactory - Using org.eclipse.m2e.jdt.JarLifecycleMapping lifecycle mapping for MavenProject: com.example:spring_boot_backend_template:0.0.1-SNAPSHOT @ D:\interview\Enzigma Test\spring_boot_backend_template\spring_boot_backend_template\pom.xml.
2025-04-29 17:18:05,042 [Worker-6: Importing Maven projects] INFO  o.e.m.j.i.AbstractJavaProjectConfigurator - Adding source folder /spring_boot_backend_template/src/main/java
2025-04-29 17:18:05,045 [Worker-6: Importing Maven projects] INFO  o.e.m.j.i.AbstractJavaProjectConfigurator - Adding resource folder /spring_boot_backend_template/src/main/resources
2025-04-29 17:18:05,046 [Worker-6: Importing Maven projects] INFO  o.e.m.j.i.AbstractJavaProjectConfigurator - Adding resource folder /spring_boot_backend_template/src/main/resources
2025-04-29 17:18:05,047 [Worker-6: Importing Maven projects] INFO  o.e.m.j.i.AbstractJavaProjectConfigurator - Adding source folder /spring_boot_backend_template/src/test/java
2025-04-29 17:18:05,048 [Worker-6: Importing Maven projects] INFO  o.e.m.j.i.AbstractJavaProjectConfigurator - Adding resource folder /spring_boot_backend_template/src/test/resources
2025-04-29 17:18:05,418 [Worker-6: Importing Maven projects] INFO  o.e.m.c.i.p.ProjectConfigurationManager - Imported and configured 1 project(s) in 14 sec
2025-04-29 17:18:05,544 [Worker-1: Updating Maven Project] INFO  o.e.m.c.i.p.ProjectConfigurationManager - Update started
2025-04-29 17:18:05,926 [Worker-1: Updating Maven Project] INFO  o.e.m.c.i.l.LifecycleMappingFactory - Using org.eclipse.m2e.jdt.JarLifecycleMapping lifecycle mapping for MavenProject: com.example:spring_boot_backend_template:0.0.1-SNAPSHOT @ D:\interview\Enzigma Test\spring_boot_backend_template\spring_boot_backend_template\pom.xml.
2025-04-29 17:18:06,549 [Worker-1: Updating Maven Project] INFO  o.e.m.j.i.AbstractJavaProjectConfigurator - Adding source folder /spring_boot_backend_template/src/main/java
2025-04-29 17:18:06,549 [Worker-1: Updating Maven Project] INFO  o.e.m.j.i.AbstractJavaProjectConfigurator - Adding resource folder /spring_boot_backend_template/src/main/resources
2025-04-29 17:18:06,550 [Worker-1: Updating Maven Project] INFO  o.e.m.j.i.AbstractJavaProjectConfigurator - Adding resource folder /spring_boot_backend_template/src/main/resources
2025-04-29 17:18:06,550 [Worker-1: Updating Maven Project] INFO  o.e.m.j.i.AbstractJavaProjectConfigurator - Adding source folder /spring_boot_backend_template/src/test/java
2025-04-29 17:18:06,551 [Worker-1: Updating Maven Project] INFO  o.e.m.j.i.AbstractJavaProjectConfigurator - Adding resource folder /spring_boot_backend_template/src/test/resources
2025-04-29 17:18:07,029 [Worker-1: Updating Maven Project] INFO  o.e.m.c.i.p.ProjectConfigurationManager - Update completed for 1 poms: local refresh takes 0.00 sec, refresh facades takes 0.00 sec, update config takes 0.00 sec 
2025-04-29 17:18:07,901 [Worker-9: Building] INFO  o.a.m.s.f.DefaultMavenResourcesFiltering - Copying 1 resource from src\main\resources to target\classes
2025-04-29 17:18:07,940 [Worker-9: Building] INFO  o.a.m.s.f.DefaultMavenResourcesFiltering - Copying 0 resource from src\main\resources to target\classes
2025-04-29 17:18:07,946 [Worker-9: Building] INFO  o.a.m.s.f.DefaultMavenResourcesFiltering - skip non existing resourceDirectory D:\interview\Enzigma Test\spring_boot_backend_template\spring_boot_backend_template\src\test\resources
2025-04-29 17:18:32,469 [main] INFO  o.e.m2e.actions.ExecutePomAction - Creating new launch configuration
2025-04-29 17:18:43,104 [Worker-12: Launching spring_boot_backend_template] INFO  o.eclipse.m2e.core.internal.Bundles - getClasspathEntries(Bundle=org.eclipse.m2e.maven.runtime_3.9.900.20240824-1409 [364])
2025-04-29 17:18:43,106 [Worker-12: Launching spring_boot_backend_template] INFO  o.eclipse.m2e.core.internal.Bundles - 	Entry: C:\STS_4.x\Windows\spring-tool-suite-4-4.27.0.RELEASE-e4.34.0-win32.win32.x86_64\sts-4.27.0.RELEASE\plugins\org.eclipse.m2e.maven.runtime_3.9.900.20240824-1409
2025-04-29 17:18:43,106 [Worker-12: Launching spring_boot_backend_template] INFO  o.eclipse.m2e.core.internal.Bundles - 	Entry: C:\STS_4.x\Windows\spring-tool-suite-4-4.27.0.RELEASE-e4.34.0-win32.win32.x86_64\sts-4.27.0.RELEASE\plugins\org.eclipse.m2e.maven.runtime_3.9.900.20240824-1409\jars\aopalliance-1.0.jar
2025-04-29 17:18:43,106 [Worker-12: Launching spring_boot_backend_template] INFO  o.eclipse.m2e.core.internal.Bundles - 	Entry: C:\STS_4.x\Windows\spring-tool-suite-4-4.27.0.RELEASE-e4.34.0-win32.win32.x86_64\sts-4.27.0.RELEASE\plugins\org.eclipse.m2e.maven.runtime_3.9.900.20240824-1409\jars\guice-5.1.0.jar
2025-04-29 17:18:43,106 [Worker-12: Launching spring_boot_backend_template] INFO  o.eclipse.m2e.core.internal.Bundles - 	Entry: C:\STS_4.x\Windows\spring-tool-suite-4-4.27.0.RELEASE-e4.34.0-win32.win32.x86_64\sts-4.27.0.RELEASE\plugins\org.eclipse.m2e.maven.runtime_3.9.900.20240824-1409\jars\httpclient-4.5.14.jar
2025-04-29 17:18:43,106 [Worker-12: Launching spring_boot_backend_template] INFO  o.eclipse.m2e.core.internal.Bundles - 	Entry: C:\STS_4.x\Windows\spring-tool-suite-4-4.27.0.RELEASE-e4.34.0-win32.win32.x86_64\sts-4.27.0.RELEASE\plugins\org.eclipse.m2e.maven.runtime_3.9.900.20240824-1409\jars\httpcore-4.4.16.jar
2025-04-29 17:18:43,106 [Worker-12: Launching spring_boot_backend_template] INFO  o.eclipse.m2e.core.internal.Bundles - 	Entry: C:\STS_4.x\Windows\spring-tool-suite-4-4.27.0.RELEASE-e4.34.0-win32.win32.x86_64\sts-4.27.0.RELEASE\plugins\org.eclipse.m2e.maven.runtime_3.9.900.20240824-1409\jars\jansi-2.4.1.jar
2025-04-29 17:18:43,107 [Worker-12: Launching spring_boot_backend_template] INFO  o.eclipse.m2e.core.internal.Bundles - 	Entry: C:\STS_4.x\Windows\spring-tool-suite-4-4.27.0.RELEASE-e4.34.0-win32.win32.x86_64\sts-4.27.0.RELEASE\plugins\org.eclipse.m2e.maven.runtime_3.9.900.20240824-1409\jars\jcl-over-slf4j-1.7.36.jar
2025-04-29 17:18:43,107 [Worker-12: Launching spring_boot_backend_template] INFO  o.eclipse.m2e.core.internal.Bundles - 	Entry: C:\STS_4.x\Windows\spring-tool-suite-4-4.27.0.RELEASE-e4.34.0-win32.win32.x86_64\sts-4.27.0.RELEASE\plugins\org.eclipse.m2e.maven.runtime_3.9.900.20240824-1409\jars\maven-artifact-3.9.9.jar
2025-04-29 17:18:43,107 [Worker-12: Launching spring_boot_backend_template] INFO  o.eclipse.m2e.core.internal.Bundles - 	Entry: C:\STS_4.x\Windows\spring-tool-suite-4-4.27.0.RELEASE-e4.34.0-win32.win32.x86_64\sts-4.27.0.RELEASE\plugins\org.eclipse.m2e.maven.runtime_3.9.900.20240824-1409\jars\maven-builder-support-3.9.9.jar
2025-04-29 17:18:43,107 [Worker-12: Launching spring_boot_backend_template] INFO  o.eclipse.m2e.core.internal.Bundles - 	Entry: C:\STS_4.x\Windows\spring-tool-suite-4-4.27.0.RELEASE-e4.34.0-win32.win32.x86_64\sts-4.27.0.RELEASE\plugins\org.eclipse.m2e.maven.runtime_3.9.900.20240824-1409\jars\maven-compat-3.9.9.jar
2025-04-29 17:18:43,107 [Worker-12: Launching spring_boot_backend_template] INFO  o.eclipse.m2e.core.internal.Bundles - 	Entry: C:\STS_4.x\Windows\spring-tool-suite-4-4.27.0.RELEASE-e4.34.0-win32.win32.x86_64\sts-4.27.0.RELEASE\plugins\org.eclipse.m2e.maven.runtime_3.9.900.20240824-1409\jars\maven-core-3.9.9.jar
2025-04-29 17:18:43,107 [Worker-12: Launching spring_boot_backend_template] INFO  o.eclipse.m2e.core.internal.Bundles - 	Entry: C:\STS_4.x\Windows\spring-tool-suite-4-4.27.0.RELEASE-e4.34.0-win32.win32.x86_64\sts-4.27.0.RELEASE\plugins\org.eclipse.m2e.maven.runtime_3.9.900.20240824-1409\jars\maven-embedder-3.9.9.jar
2025-04-29 17:18:43,107 [Worker-12: Launching spring_boot_backend_template] INFO  o.eclipse.m2e.core.internal.Bundles - 	Entry: C:\STS_4.x\Windows\spring-tool-suite-4-4.27.0.RELEASE-e4.34.0-win32.win32.x86_64\sts-4.27.0.RELEASE\plugins\org.eclipse.m2e.maven.runtime_3.9.900.20240824-1409\jars\maven-model-3.9.9.jar
2025-04-29 17:18:43,107 [Worker-12: Launching spring_boot_backend_template] INFO  o.eclipse.m2e.core.internal.Bundles - 	Entry: C:\STS_4.x\Windows\spring-tool-suite-4-4.27.0.RELEASE-e4.34.0-win32.win32.x86_64\sts-4.27.0.RELEASE\plugins\org.eclipse.m2e.maven.runtime_3.9.900.20240824-1409\jars\maven-model-builder-3.9.9.jar
2025-04-29 17:18:43,108 [Worker-12: Launching spring_boot_backend_template] INFO  o.eclipse.m2e.core.internal.Bundles - 	Entry: C:\STS_4.x\Windows\spring-tool-suite-4-4.27.0.RELEASE-e4.34.0-win32.win32.x86_64\sts-4.27.0.RELEASE\plugins\org.eclipse.m2e.maven.runtime_3.9.900.20240824-1409\jars\maven-plugin-api-3.9.9.jar
2025-04-29 17:18:43,108 [Worker-12: Launching spring_boot_backend_template] INFO  o.eclipse.m2e.core.internal.Bundles - 	Entry: C:\STS_4.x\Windows\spring-tool-suite-4-4.27.0.RELEASE-e4.34.0-win32.win32.x86_64\sts-4.27.0.RELEASE\plugins\org.eclipse.m2e.maven.runtime_3.9.900.20240824-1409\jars\maven-repository-metadata-3.9.9.jar
2025-04-29 17:18:43,108 [Worker-12: Launching spring_boot_backend_template] INFO  o.eclipse.m2e.core.internal.Bundles - 	Entry: C:\STS_4.x\Windows\spring-tool-suite-4-4.27.0.RELEASE-e4.34.0-win32.win32.x86_64\sts-4.27.0.RELEASE\plugins\org.eclipse.m2e.maven.runtime_3.9.900.20240824-1409\jars\maven-resolver-api-1.9.22.jar
2025-04-29 17:18:43,108 [Worker-12: Launching spring_boot_backend_template] INFO  o.eclipse.m2e.core.internal.Bundles - 	Entry: C:\STS_4.x\Windows\spring-tool-suite-4-4.27.0.RELEASE-e4.34.0-win32.win32.x86_64\sts-4.27.0.RELEASE\plugins\org.eclipse.m2e.maven.runtime_3.9.900.20240824-1409\jars\maven-resolver-connector-basic-1.9.22.jar
2025-04-29 17:18:43,108 [Worker-12: Launching spring_boot_backend_template] INFO  o.eclipse.m2e.core.internal.Bundles - 	Entry: C:\STS_4.x\Windows\spring-tool-suite-4-4.27.0.RELEASE-e4.34.0-win32.win32.x86_64\sts-4.27.0.RELEASE\plugins\org.eclipse.m2e.maven.runtime_3.9.900.20240824-1409\jars\maven-resolver-impl-1.9.22.jar
2025-04-29 17:18:43,109 [Worker-12: Launching spring_boot_backend_template] INFO  o.eclipse.m2e.core.internal.Bundles - 	Entry: C:\STS_4.x\Windows\spring-tool-suite-4-4.27.0.RELEASE-e4.34.0-win32.win32.x86_64\sts-4.27.0.RELEASE\plugins\org.eclipse.m2e.maven.runtime_3.9.900.20240824-1409\jars\maven-resolver-named-locks-1.9.22.jar
2025-04-29 17:18:43,109 [Worker-12: Launching spring_boot_backend_template] INFO  o.eclipse.m2e.core.internal.Bundles - 	Entry: C:\STS_4.x\Windows\spring-tool-suite-4-4.27.0.RELEASE-e4.34.0-win32.win32.x86_64\sts-4.27.0.RELEASE\plugins\org.eclipse.m2e.maven.runtime_3.9.900.20240824-1409\jars\maven-resolver-provider-3.9.9.jar
2025-04-29 17:18:43,109 [Worker-12: Launching spring_boot_backend_template] INFO  o.eclipse.m2e.core.internal.Bundles - 	Entry: C:\STS_4.x\Windows\spring-tool-suite-4-4.27.0.RELEASE-e4.34.0-win32.win32.x86_64\sts-4.27.0.RELEASE\plugins\org.eclipse.m2e.maven.runtime_3.9.900.20240824-1409\jars\maven-resolver-spi-1.9.22.jar
2025-04-29 17:18:43,109 [Worker-12: Launching spring_boot_backend_template] INFO  o.eclipse.m2e.core.internal.Bundles - 	Entry: C:\STS_4.x\Windows\spring-tool-suite-4-4.27.0.RELEASE-e4.34.0-win32.win32.x86_64\sts-4.27.0.RELEASE\plugins\org.eclipse.m2e.maven.runtime_3.9.900.20240824-1409\jars\maven-resolver-transport-file-1.9.22.jar
2025-04-29 17:18:43,109 [Worker-12: Launching spring_boot_backend_template] INFO  o.eclipse.m2e.core.internal.Bundles - 	Entry: C:\STS_4.x\Windows\spring-tool-suite-4-4.27.0.RELEASE-e4.34.0-win32.win32.x86_64\sts-4.27.0.RELEASE\plugins\org.eclipse.m2e.maven.runtime_3.9.900.20240824-1409\jars\maven-resolver-transport-http-1.9.22.jar
2025-04-29 17:18:43,109 [Worker-12: Launching spring_boot_backend_template] INFO  o.eclipse.m2e.core.internal.Bundles - 	Entry: C:\STS_4.x\Windows\spring-tool-suite-4-4.27.0.RELEASE-e4.34.0-win32.win32.x86_64\sts-4.27.0.RELEASE\plugins\org.eclipse.m2e.maven.runtime_3.9.900.20240824-1409\jars\maven-resolver-transport-wagon-1.9.22.jar
2025-04-29 17:18:43,109 [Worker-12: Launching spring_boot_backend_template] INFO  o.eclipse.m2e.core.internal.Bundles - 	Entry: C:\STS_4.x\Windows\spring-tool-suite-4-4.27.0.RELEASE-e4.34.0-win32.win32.x86_64\sts-4.27.0.RELEASE\plugins\org.eclipse.m2e.maven.runtime_3.9.900.20240824-1409\jars\maven-resolver-util-1.9.22.jar
2025-04-29 17:18:43,110 [Worker-12: Launching spring_boot_backend_template] INFO  o.eclipse.m2e.core.internal.Bundles - 	Entry: C:\STS_4.x\Windows\spring-tool-suite-4-4.27.0.RELEASE-e4.34.0-win32.win32.x86_64\sts-4.27.0.RELEASE\plugins\org.eclipse.m2e.maven.runtime_3.9.900.20240824-1409\jars\maven-settings-3.9.9.jar
2025-04-29 17:18:43,110 [Worker-12: Launching spring_boot_backend_template] INFO  o.eclipse.m2e.core.internal.Bundles - 	Entry: C:\STS_4.x\Windows\spring-tool-suite-4-4.27.0.RELEASE-e4.34.0-win32.win32.x86_64\sts-4.27.0.RELEASE\plugins\org.eclipse.m2e.maven.runtime_3.9.900.20240824-1409\jars\maven-settings-builder-3.9.9.jar
2025-04-29 17:18:43,110 [Worker-12: Launching spring_boot_backend_template] INFO  o.eclipse.m2e.core.internal.Bundles - 	Entry: C:\STS_4.x\Windows\spring-tool-suite-4-4.27.0.RELEASE-e4.34.0-win32.win32.x86_64\sts-4.27.0.RELEASE\plugins\org.eclipse.m2e.maven.runtime_3.9.900.20240824-1409\jars\maven-shared-utils-3.4.2.jar
2025-04-29 17:18:43,110 [Worker-12: Launching spring_boot_backend_template] INFO  o.eclipse.m2e.core.internal.Bundles - 	Entry: C:\STS_4.x\Windows\spring-tool-suite-4-4.27.0.RELEASE-e4.34.0-win32.win32.x86_64\sts-4.27.0.RELEASE\plugins\org.eclipse.m2e.maven.runtime_3.9.900.20240824-1409\jars\org.eclipse.sisu.inject-0.9.0.M3.jar
2025-04-29 17:18:43,110 [Worker-12: Launching spring_boot_backend_template] INFO  o.eclipse.m2e.core.internal.Bundles - 	Entry: C:\STS_4.x\Windows\spring-tool-suite-4-4.27.0.RELEASE-e4.34.0-win32.win32.x86_64\sts-4.27.0.RELEASE\plugins\org.eclipse.m2e.maven.runtime_3.9.900.20240824-1409\jars\org.eclipse.sisu.plexus-0.9.0.M3.jar
2025-04-29 17:18:43,110 [Worker-12: Launching spring_boot_backend_template] INFO  o.eclipse.m2e.core.internal.Bundles - 	Entry: C:\STS_4.x\Windows\spring-tool-suite-4-4.27.0.RELEASE-e4.34.0-win32.win32.x86_64\sts-4.27.0.RELEASE\plugins\org.eclipse.m2e.maven.runtime_3.9.900.20240824-1409\jars\plexus-build-api-0.0.7.jar
2025-04-29 17:18:43,111 [Worker-12: Launching spring_boot_backend_template] INFO  o.eclipse.m2e.core.internal.Bundles - 	Entry: C:\STS_4.x\Windows\spring-tool-suite-4-4.27.0.RELEASE-e4.34.0-win32.win32.x86_64\sts-4.27.0.RELEASE\plugins\org.eclipse.m2e.maven.runtime_3.9.900.20240824-1409\jars\plexus-build-api-1.2.0.jar
2025-04-29 17:18:43,111 [Worker-12: Launching spring_boot_backend_template] INFO  o.eclipse.m2e.core.internal.Bundles - 	Entry: C:\STS_4.x\Windows\spring-tool-suite-4-4.27.0.RELEASE-e4.34.0-win32.win32.x86_64\sts-4.27.0.RELEASE\plugins\org.eclipse.m2e.maven.runtime_3.9.900.20240824-1409\jars\plexus-cipher-2.0.jar
2025-04-29 17:18:43,111 [Worker-12: Launching spring_boot_backend_template] INFO  o.eclipse.m2e.core.internal.Bundles - 	Entry: C:\STS_4.x\Windows\spring-tool-suite-4-4.27.0.RELEASE-e4.34.0-win32.win32.x86_64\sts-4.27.0.RELEASE\plugins\org.eclipse.m2e.maven.runtime_3.9.900.20240824-1409\jars\plexus-classworlds-2.8.0.jar
2025-04-29 17:18:43,111 [Worker-12: Launching spring_boot_backend_template] INFO  o.eclipse.m2e.core.internal.Bundles - 	Entry: C:\STS_4.x\Windows\spring-tool-suite-4-4.27.0.RELEASE-e4.34.0-win32.win32.x86_64\sts-4.27.0.RELEASE\plugins\org.eclipse.m2e.maven.runtime_3.9.900.20240824-1409\jars\plexus-component-annotations-2.1.0.jar
2025-04-29 17:18:43,111 [Worker-12: Launching spring_boot_backend_template] INFO  o.eclipse.m2e.core.internal.Bundles - 	Entry: C:\STS_4.x\Windows\spring-tool-suite-4-4.27.0.RELEASE-e4.34.0-win32.win32.x86_64\sts-4.27.0.RELEASE\plugins\org.eclipse.m2e.maven.runtime_3.9.900.20240824-1409\jars\plexus-interpolation-1.27.jar
2025-04-29 17:18:43,111 [Worker-12: Launching spring_boot_backend_template] INFO  o.eclipse.m2e.core.internal.Bundles - 	Entry: C:\STS_4.x\Windows\spring-tool-suite-4-4.27.0.RELEASE-e4.34.0-win32.win32.x86_64\sts-4.27.0.RELEASE\plugins\org.eclipse.m2e.maven.runtime_3.9.900.20240824-1409\jars\plexus-sec-dispatcher-2.0.jar
2025-04-29 17:18:43,111 [Worker-12: Launching spring_boot_backend_template] INFO  o.eclipse.m2e.core.internal.Bundles - 	Entry: C:\STS_4.x\Windows\spring-tool-suite-4-4.27.0.RELEASE-e4.34.0-win32.win32.x86_64\sts-4.27.0.RELEASE\plugins\org.eclipse.m2e.maven.runtime_3.9.900.20240824-1409\jars\plexus-utils-3.5.1.jar
2025-04-29 17:18:43,111 [Worker-12: Launching spring_boot_backend_template] INFO  o.eclipse.m2e.core.internal.Bundles - 	Entry: C:\STS_4.x\Windows\spring-tool-suite-4-4.27.0.RELEASE-e4.34.0-win32.win32.x86_64\sts-4.27.0.RELEASE\plugins\org.eclipse.m2e.maven.runtime_3.9.900.20240824-1409\jars\plexus-xml-3.0.1.jar
2025-04-29 17:18:43,112 [Worker-12: Launching spring_boot_backend_template] INFO  o.eclipse.m2e.core.internal.Bundles - 	Entry: C:\STS_4.x\Windows\spring-tool-suite-4-4.27.0.RELEASE-e4.34.0-win32.win32.x86_64\sts-4.27.0.RELEASE\plugins\org.eclipse.m2e.maven.runtime_3.9.900.20240824-1409\jars\wagon-file-3.5.3.jar
2025-04-29 17:18:43,112 [Worker-12: Launching spring_boot_backend_template] INFO  o.eclipse.m2e.core.internal.Bundles - 	Entry: C:\STS_4.x\Windows\spring-tool-suite-4-4.27.0.RELEASE-e4.34.0-win32.win32.x86_64\sts-4.27.0.RELEASE\plugins\org.eclipse.m2e.maven.runtime_3.9.900.20240824-1409\jars\wagon-http-3.5.3.jar
2025-04-29 17:18:43,112 [Worker-12: Launching spring_boot_backend_template] INFO  o.eclipse.m2e.core.internal.Bundles - 	Entry: C:\STS_4.x\Windows\spring-tool-suite-4-4.27.0.RELEASE-e4.34.0-win32.win32.x86_64\sts-4.27.0.RELEASE\plugins\org.eclipse.m2e.maven.runtime_3.9.900.20240824-1409\jars\wagon-http-shared-3.5.3.jar
2025-04-29 17:18:43,112 [Worker-12: Launching spring_boot_backend_template] INFO  o.eclipse.m2e.core.internal.Bundles - 	Entry: C:\STS_4.x\Windows\spring-tool-suite-4-4.27.0.RELEASE-e4.34.0-win32.win32.x86_64\sts-4.27.0.RELEASE\plugins\org.eclipse.m2e.maven.runtime_3.9.900.20240824-1409\jars\wagon-provider-api-3.5.3.jar
2025-04-29 17:18:43,114 [Worker-12: Launching spring_boot_backend_template] INFO  o.eclipse.m2e.core.internal.Bundles - getClasspathEntries(Bundle=com.google.guava_33.3.1.jre [29])
2025-04-29 17:18:43,114 [Worker-12: Launching spring_boot_backend_template] INFO  o.eclipse.m2e.core.internal.Bundles - 	Entry: C:\STS_4.x\Windows\spring-tool-suite-4-4.27.0.RELEASE-e4.34.0-win32.win32.x86_64\sts-4.27.0.RELEASE\plugins\com.google.guava_33.3.1.jre.jar
2025-04-29 17:18:43,114 [Worker-12: Launching spring_boot_backend_template] INFO  o.eclipse.m2e.core.internal.Bundles - getClasspathEntries(Bundle=slf4j.api_2.0.16 [615])
2025-04-29 17:18:43,115 [Worker-12: Launching spring_boot_backend_template] INFO  o.eclipse.m2e.core.internal.Bundles - 	Entry: C:\STS_4.x\Windows\spring-tool-suite-4-4.27.0.RELEASE-e4.34.0-win32.win32.x86_64\sts-4.27.0.RELEASE\plugins\slf4j.api_2.0.16.jar
2025-04-29 17:18:43,115 [Worker-12: Launching spring_boot_backend_template] INFO  o.eclipse.m2e.core.internal.Bundles - getClasspathEntries(Bundle=jakarta.inject.jakarta.inject-api_1.0.5 [45])
2025-04-29 17:18:43,115 [Worker-12: Launching spring_boot_backend_template] INFO  o.eclipse.m2e.core.internal.Bundles - 	Entry: C:\STS_4.x\Windows\spring-tool-suite-4-4.27.0.RELEASE-e4.34.0-win32.win32.x86_64\sts-4.27.0.RELEASE\plugins\jakarta.inject.jakarta.inject-api_1.0.5.jar
2025-04-29 17:18:43,115 [Worker-12: Launching spring_boot_backend_template] INFO  o.eclipse.m2e.core.internal.Bundles - getClasspathEntries(Bundle=jakarta.annotation-api_1.3.5 [41])
2025-04-29 17:18:43,116 [Worker-12: Launching spring_boot_backend_template] INFO  o.eclipse.m2e.core.internal.Bundles - 	Entry: C:\STS_4.x\Windows\spring-tool-suite-4-4.27.0.RELEASE-e4.34.0-win32.win32.x86_64\sts-4.27.0.RELEASE\plugins\jakarta.annotation-api_1.3.5.jar
2025-04-29 17:18:43,116 [Worker-12: Launching spring_boot_backend_template] INFO  o.eclipse.m2e.core.internal.Bundles - getClasspathEntries(Bundle=org.apache.commons.cli_1.9.0 [78])
2025-04-29 17:18:43,116 [Worker-12: Launching spring_boot_backend_template] INFO  o.eclipse.m2e.core.internal.Bundles - 	Entry: C:\STS_4.x\Windows\spring-tool-suite-4-4.27.0.RELEASE-e4.34.0-win32.win32.x86_64\sts-4.27.0.RELEASE\plugins\org.apache.commons.cli_1.9.0.jar
2025-04-29 17:18:43,116 [Worker-12: Launching spring_boot_backend_template] INFO  o.eclipse.m2e.core.internal.Bundles - getClasspathEntries(Bundle=org.apache.commons.commons-codec_1.16.0 [81])
2025-04-29 17:18:43,117 [Worker-12: Launching spring_boot_backend_template] INFO  o.eclipse.m2e.core.internal.Bundles - 	Entry: C:\STS_4.x\Windows\spring-tool-suite-4-4.27.0.RELEASE-e4.34.0-win32.win32.x86_64\sts-4.27.0.RELEASE\plugins\org.apache.commons.commons-codec_1.16.0.jar
2025-04-29 17:18:43,117 [Worker-12: Launching spring_boot_backend_template] INFO  o.eclipse.m2e.core.internal.Bundles - getClasspathEntries(Bundle=com.google.guava.failureaccess_1.0.2 [30])
2025-04-29 17:18:43,117 [Worker-12: Launching spring_boot_backend_template] INFO  o.eclipse.m2e.core.internal.Bundles - 	Entry: C:\STS_4.x\Windows\spring-tool-suite-4-4.27.0.RELEASE-e4.34.0-win32.win32.x86_64\sts-4.27.0.RELEASE\plugins\com.google.guava.failureaccess_1.0.2.jar
2025-04-29 17:18:43,120 [Worker-12: Launching spring_boot_backend_template] INFO  o.e.m.i.launch.MavenLaunchDelegate - Run build in "D:\interview\Enzigma Test\spring_boot_backend_template\spring_boot_backend_template":
2025-04-29 17:18:43,125 [Worker-12: Launching spring_boot_backend_template] INFO  o.e.m.i.launch.MavenLaunchDelegate -  mvn  -B -Dstyle.color=always clean compile
2025-04-29 17:18:43,125 [Worker-12: Launching spring_boot_backend_template] WARN  o.e.m.i.l.MavenLaunchExtensionsSupport - Unknown or unsupported source locator org.eclipse.jdt.internal.launching.sourcelookup.advanced.AdvancedSourceLookupDirector
2025-04-29 17:23:27,146 [Worker-12: Building] INFO  o.a.m.s.f.DefaultMavenResourcesFiltering - Copying 1 resource from src\main\resources to target\classes
2025-04-29 17:23:27,154 [Worker-12: Building] INFO  o.a.m.s.f.DefaultMavenResourcesFiltering - Copying 0 resource from src\main\resources to target\classes
2025-04-29 17:23:27,159 [Worker-12: Building] INFO  o.a.m.s.f.DefaultMavenResourcesFiltering - skip non existing resourceDirectory D:\interview\Enzigma Test\spring_boot_backend_template\spring_boot_backend_template\src\test\resources
2025-04-29 17:27:13,272 [Worker-6: Building] INFO  o.a.m.s.f.DefaultMavenResourcesFiltering - Copying 1 resource from src\main\resources to target\classes
2025-04-29 17:27:13,277 [Worker-6: Building] INFO  o.a.m.s.f.DefaultMavenResourcesFiltering - Copying 0 resource from src\main\resources to target\classes
2025-04-29 17:27:13,281 [Worker-6: Building] INFO  o.a.m.s.f.DefaultMavenResourcesFiltering - skip non existing resourceDirectory D:\interview\Enzigma Test\spring_boot_backend_template\spring_boot_backend_template\src\test\resources
2025-04-29 17:28:28,116 [Worker-13: Building] INFO  o.a.m.s.f.DefaultMavenResourcesFiltering - Copying 1 resource from src\main\resources to target\classes
2025-04-29 17:28:28,121 [Worker-13: Building] INFO  o.a.m.s.f.DefaultMavenResourcesFiltering - Copying 0 resource from src\main\resources to target\classes
2025-04-29 17:28:28,125 [Worker-13: Building] INFO  o.a.m.s.f.DefaultMavenResourcesFiltering - skip non existing resourceDirectory D:\interview\Enzigma Test\spring_boot_backend_template\spring_boot_backend_template\src\test\resources
2025-04-29 17:28:30,350 [Worker-1: Building] INFO  o.a.m.s.f.DefaultMavenResourcesFiltering - Copying 1 resource from src\main\resources to target\classes
2025-04-29 17:28:30,387 [Worker-1: Building] INFO  o.a.m.s.f.DefaultMavenResourcesFiltering - Copying 0 resource from src\main\resources to target\classes
2025-04-29 17:28:30,394 [Worker-1: Building] INFO  o.a.m.s.f.DefaultMavenResourcesFiltering - skip non existing resourceDirectory D:\interview\Enzigma Test\spring_boot_backend_template\spring_boot_backend_template\src\test\resources
2025-04-29 17:31:29,063 [Worker-2: Building] INFO  o.a.m.s.f.DefaultMavenResourcesFiltering - Copying 1 resource from src\main\resources to target\classes
2025-04-29 17:31:29,069 [Worker-2: Building] INFO  o.a.m.s.f.DefaultMavenResourcesFiltering - Copying 0 resource from src\main\resources to target\classes
2025-04-29 17:31:29,072 [Worker-2: Building] INFO  o.a.m.s.f.DefaultMavenResourcesFiltering - skip non existing resourceDirectory D:\interview\Enzigma Test\spring_boot_backend_template\spring_boot_backend_template\src\test\resources
2025-04-29 17:32:39,721 [Worker-12: Building] INFO  o.a.m.s.f.DefaultMavenResourcesFiltering - Copying 1 resource from src\main\resources to target\classes
2025-04-29 17:32:39,729 [Worker-12: Building] INFO  o.a.m.s.f.DefaultMavenResourcesFiltering - Copying 0 resource from src\main\resources to target\classes
2025-04-29 17:32:39,732 [Worker-12: Building] INFO  o.a.m.s.f.DefaultMavenResourcesFiltering - skip non existing resourceDirectory D:\interview\Enzigma Test\spring_boot_backend_template\spring_boot_backend_template\src\test\resources
2025-04-29 18:07:32,548 [Worker-14: Building] INFO  o.a.m.s.f.DefaultMavenResourcesFiltering - Copying 1 resource from src\main\resources to target\classes
2025-04-29 18:07:32,560 [Worker-14: Building] INFO  o.a.m.s.f.DefaultMavenResourcesFiltering - Copying 0 resource from src\main\resources to target\classes
2025-04-29 18:07:32,565 [Worker-14: Building] INFO  o.a.m.s.f.DefaultMavenResourcesFiltering - skip non existing resourceDirectory D:\interview\Enzigma Test\spring_boot_backend_template\spring_boot_backend_template\src\test\resources
2025-04-29 18:08:27,195 [Worker-9: Building] INFO  o.a.m.s.f.DefaultMavenResourcesFiltering - Copying 1 resource from src\main\resources to target\classes
2025-04-29 18:08:27,204 [Worker-9: Building] INFO  o.a.m.s.f.DefaultMavenResourcesFiltering - Copying 0 resource from src\main\resources to target\classes
2025-04-29 18:08:27,208 [Worker-9: Building] INFO  o.a.m.s.f.DefaultMavenResourcesFiltering - skip non existing resourceDirectory D:\interview\Enzigma Test\spring_boot_backend_template\spring_boot_backend_template\src\test\resources
2025-04-29 18:10:13,765 [Worker-11: Building] INFO  o.a.m.s.f.DefaultMavenResourcesFiltering - Copying 1 resource from src\main\resources to target\classes
2025-04-29 18:10:13,771 [Worker-11: Building] INFO  o.a.m.s.f.DefaultMavenResourcesFiltering - Copying 0 resource from src\main\resources to target\classes
2025-04-29 18:10:13,775 [Worker-11: Building] INFO  o.a.m.s.f.DefaultMavenResourcesFiltering - skip non existing resourceDirectory D:\interview\Enzigma Test\spring_boot_backend_template\spring_boot_backend_template\src\test\resources
2025-04-29 18:11:28,604 [Worker-1: Building] INFO  o.a.m.s.f.DefaultMavenResourcesFiltering - Copying 1 resource from src\main\resources to target\classes
2025-04-29 18:11:28,609 [Worker-1: Building] INFO  o.a.m.s.f.DefaultMavenResourcesFiltering - Copying 0 resource from src\main\resources to target\classes
2025-04-29 18:11:28,612 [Worker-1: Building] INFO  o.a.m.s.f.DefaultMavenResourcesFiltering - skip non existing resourceDirectory D:\interview\Enzigma Test\spring_boot_backend_template\spring_boot_backend_template\src\test\resources
2025-04-29 18:11:32,336 [Worker-6: Building] INFO  o.a.m.s.f.DefaultMavenResourcesFiltering - Copying 1 resource from src\main\resources to target\classes
2025-04-29 18:11:32,341 [Worker-6: Building] INFO  o.a.m.s.f.DefaultMavenResourcesFiltering - Copying 0 resource from src\main\resources to target\classes
2025-04-29 18:11:32,344 [Worker-6: Building] INFO  o.a.m.s.f.DefaultMavenResourcesFiltering - skip non existing resourceDirectory D:\interview\Enzigma Test\spring_boot_backend_template\spring_boot_backend_template\src\test\resources
2025-04-29 18:12:58,952 [Worker-6: Building] INFO  o.a.m.s.f.DefaultMavenResourcesFiltering - Copying 1 resource from src\main\resources to target\classes
2025-04-29 18:12:58,964 [Worker-6: Building] INFO  o.a.m.s.f.DefaultMavenResourcesFiltering - Copying 0 resource from src\main\resources to target\classes
2025-04-29 18:12:58,967 [Worker-6: Building] INFO  o.a.m.s.f.DefaultMavenResourcesFiltering - skip non existing resourceDirectory D:\interview\Enzigma Test\spring_boot_backend_template\spring_boot_backend_template\src\test\resources
2025-04-29 18:29:52,626 [Worker-6: Building] INFO  o.a.m.s.f.DefaultMavenResourcesFiltering - Copying 1 resource from src\main\resources to target\classes
2025-04-29 18:29:52,633 [Worker-6: Building] INFO  o.a.m.s.f.DefaultMavenResourcesFiltering - Copying 0 resource from src\main\resources to target\classes
2025-04-29 18:29:52,635 [Worker-6: Building] INFO  o.a.m.s.f.DefaultMavenResourcesFiltering - skip non existing resourceDirectory D:\interview\Enzigma Test\spring_boot_backend_template\spring_boot_backend_template\src\test\resources
2025-04-29 18:33:15,478 [Worker-9: Building] INFO  o.a.m.s.f.DefaultMavenResourcesFiltering - Copying 1 resource from src\main\resources to target\classes
2025-04-29 18:33:15,483 [Worker-9: Building] INFO  o.a.m.s.f.DefaultMavenResourcesFiltering - Copying 0 resource from src\main\resources to target\classes
2025-04-29 18:33:15,485 [Worker-9: Building] INFO  o.a.m.s.f.DefaultMavenResourcesFiltering - skip non existing resourceDirectory D:\interview\Enzigma Test\spring_boot_backend_template\spring_boot_backend_template\src\test\resources
2025-04-29 18:33:43,928 [Worker-9: Building] INFO  o.a.m.s.f.DefaultMavenResourcesFiltering - Copying 1 resource from src\main\resources to target\classes
2025-04-29 18:33:43,934 [Worker-9: Building] INFO  o.a.m.s.f.DefaultMavenResourcesFiltering - Copying 0 resource from src\main\resources to target\classes
2025-04-29 18:33:43,936 [Worker-9: Building] INFO  o.a.m.s.f.DefaultMavenResourcesFiltering - skip non existing resourceDirectory D:\interview\Enzigma Test\spring_boot_backend_template\spring_boot_backend_template\src\test\resources
2025-04-29 18:36:26,937 [Worker-9: Building] INFO  o.a.m.s.f.DefaultMavenResourcesFiltering - Copying 1 resource from src\main\resources to target\classes
2025-04-29 18:36:26,941 [Worker-9: Building] INFO  o.a.m.s.f.DefaultMavenResourcesFiltering - Copying 0 resource from src\main\resources to target\classes
2025-04-29 18:36:26,944 [Worker-9: Building] INFO  o.a.m.s.f.DefaultMavenResourcesFiltering - skip non existing resourceDirectory D:\interview\Enzigma Test\spring_boot_backend_template\spring_boot_backend_template\src\test\resources
2025-04-29 18:37:07,623 [Worker-1: Building] INFO  o.a.m.s.f.DefaultMavenResourcesFiltering - Copying 1 resource from src\main\resources to target\classes
2025-04-29 18:37:07,629 [Worker-1: Building] INFO  o.a.m.s.f.DefaultMavenResourcesFiltering - Copying 0 resource from src\main\resources to target\classes
2025-04-29 18:37:07,631 [Worker-1: Building] INFO  o.a.m.s.f.DefaultMavenResourcesFiltering - skip non existing resourceDirectory D:\interview\Enzigma Test\spring_boot_backend_template\spring_boot_backend_template\src\test\resources
2025-04-29 18:40:00,458 [Worker-7: Building] INFO  o.a.m.s.f.DefaultMavenResourcesFiltering - Copying 1 resource from src\main\resources to target\classes
2025-04-29 18:40:00,464 [Worker-7: Building] INFO  o.a.m.s.f.DefaultMavenResourcesFiltering - Copying 0 resource from src\main\resources to target\classes
2025-04-29 18:40:00,466 [Worker-7: Building] INFO  o.a.m.s.f.DefaultMavenResourcesFiltering - skip non existing resourceDirectory D:\interview\Enzigma Test\spring_boot_backend_template\spring_boot_backend_template\src\test\resources
2025-04-29 18:47:25,017 [Worker-3: Building] INFO  o.a.m.s.f.DefaultMavenResourcesFiltering - Copying 1 resource from src\main\resources to target\classes
2025-04-29 18:47:25,022 [Worker-3: Building] INFO  o.a.m.s.f.DefaultMavenResourcesFiltering - Copying 0 resource from src\main\resources to target\classes
2025-04-29 18:47:25,023 [Worker-3: Building] INFO  o.a.m.s.f.DefaultMavenResourcesFiltering - skip non existing resourceDirectory D:\interview\Enzigma Test\spring_boot_backend_template\spring_boot_backend_template\src\test\resources
2025-04-29 18:54:02,149 [Worker-3: Building] INFO  o.a.m.s.f.DefaultMavenResourcesFiltering - Copying 1 resource from src\main\resources to target\classes
2025-04-29 18:54:02,155 [Worker-3: Building] INFO  o.a.m.s.f.DefaultMavenResourcesFiltering - Copying 0 resource from src\main\resources to target\classes
2025-04-29 18:54:02,157 [Worker-3: Building] INFO  o.a.m.s.f.DefaultMavenResourcesFiltering - skip non existing resourceDirectory D:\interview\Enzigma Test\spring_boot_backend_template\spring_boot_backend_template\src\test\resources
2025-04-29 18:56:17,790 [Worker-7: Building] INFO  o.a.m.s.f.DefaultMavenResourcesFiltering - Copying 1 resource from src\main\resources to target\classes
2025-04-29 18:56:17,793 [Worker-7: Building] INFO  o.a.m.s.f.DefaultMavenResourcesFiltering - Copying 0 resource from src\main\resources to target\classes
2025-04-29 18:56:17,795 [Worker-7: Building] INFO  o.a.m.s.f.DefaultMavenResourcesFiltering - skip non existing resourceDirectory D:\interview\Enzigma Test\spring_boot_backend_template\spring_boot_backend_template\src\test\resources
2025-04-29 20:05:33,892 [Worker-17: Building] INFO  o.a.m.s.f.DefaultMavenResourcesFiltering - Copying 1 resource from src\main\resources to target\classes
2025-04-29 20:05:33,921 [Worker-17: Building] INFO  o.a.m.s.f.DefaultMavenResourcesFiltering - Copying 0 resource from src\main\resources to target\classes
2025-04-29 20:05:33,923 [Worker-17: Building] INFO  o.a.m.s.f.DefaultMavenResourcesFiltering - skip non existing resourceDirectory D:\interview\Enzigma Test\spring_boot_backend_template\spring_boot_backend_template\src\test\resources
2025-04-29 20:06:04,828 [Worker-17: Building] INFO  o.a.m.s.f.DefaultMavenResourcesFiltering - Copying 1 resource from src\main\resources to target\classes
2025-04-29 20:06:04,837 [Worker-17: Building] INFO  o.a.m.s.f.DefaultMavenResourcesFiltering - Copying 0 resource from src\main\resources to target\classes
2025-04-29 20:06:04,839 [Worker-17: Building] INFO  o.a.m.s.f.DefaultMavenResourcesFiltering - skip non existing resourceDirectory D:\interview\Enzigma Test\spring_boot_backend_template\spring_boot_backend_template\src\test\resources
2025-04-29 20:07:42,443 [Worker-16: Building] INFO  o.a.m.s.f.DefaultMavenResourcesFiltering - Copying 1 resource from src\main\resources to target\classes
2025-04-29 20:07:42,449 [Worker-16: Building] INFO  o.a.m.s.f.DefaultMavenResourcesFiltering - Copying 0 resource from src\main\resources to target\classes
2025-04-29 20:07:42,451 [Worker-16: Building] INFO  o.a.m.s.f.DefaultMavenResourcesFiltering - skip non existing resourceDirectory D:\interview\Enzigma Test\spring_boot_backend_template\spring_boot_backend_template\src\test\resources
2025-04-29 22:59:47,346 [Worker-23: Building] INFO  o.a.m.s.f.DefaultMavenResourcesFiltering - Copying 1 resource from src\main\resources to target\classes
2025-04-29 22:59:47,352 [Worker-23: Building] INFO  o.a.m.s.f.DefaultMavenResourcesFiltering - Copying 0 resource from src\main\resources to target\classes
2025-04-29 22:59:47,353 [Worker-23: Building] INFO  o.a.m.s.f.DefaultMavenResourcesFiltering - skip non existing resourceDirectory D:\interview\Enzigma Test\spring_boot_backend_template\spring_boot_backend_template\src\test\resources
2025-04-29 23:03:54,719 [Worker-21: Building] INFO  o.a.m.s.f.DefaultMavenResourcesFiltering - Copying 1 resource from src\main\resources to target\classes
2025-04-29 23:03:54,737 [Worker-21: Building] INFO  o.a.m.s.f.DefaultMavenResourcesFiltering - Copying 0 resource from src\main\resources to target\classes
2025-04-29 23:03:54,742 [Worker-21: Building] INFO  o.a.m.s.f.DefaultMavenResourcesFiltering - skip non existing resourceDirectory D:\interview\Enzigma Test\spring_boot_backend_template\spring_boot_backend_template\src\test\resources
2025-04-29 23:25:43,177 [Worker-15: Building] INFO  o.a.m.s.f.DefaultMavenResourcesFiltering - Copying 1 resource from src\main\resources to target\classes
2025-04-29 23:25:43,185 [Worker-15: Building] INFO  o.a.m.s.f.DefaultMavenResourcesFiltering - Copying 0 resource from src\main\resources to target\classes
2025-04-29 23:25:43,187 [Worker-15: Building] INFO  o.a.m.s.f.DefaultMavenResourcesFiltering - skip non existing resourceDirectory D:\interview\Enzigma Test\spring_boot_backend_template\spring_boot_backend_template\src\test\resources
2025-04-29 23:26:30,760 [Worker-23: Building] INFO  o.a.m.s.f.DefaultMavenResourcesFiltering - Copying 1 resource from src\main\resources to target\classes
2025-04-29 23:26:30,766 [Worker-23: Building] INFO  o.a.m.s.f.DefaultMavenResourcesFiltering - Copying 0 resource from src\main\resources to target\classes
2025-04-29 23:26:30,768 [Worker-23: Building] INFO  o.a.m.s.f.DefaultMavenResourcesFiltering - skip non existing resourceDirectory D:\interview\Enzigma Test\spring_boot_backend_template\spring_boot_backend_template\src\test\resources
2025-04-29 23:29:49,542 [Worker-23: Building] INFO  o.a.m.s.f.DefaultMavenResourcesFiltering - Copying 1 resource from src\main\resources to target\classes
2025-04-29 23:29:49,548 [Worker-23: Building] INFO  o.a.m.s.f.DefaultMavenResourcesFiltering - Copying 0 resource from src\main\resources to target\classes
2025-04-29 23:29:49,550 [Worker-23: Building] INFO  o.a.m.s.f.DefaultMavenResourcesFiltering - skip non existing resourceDirectory D:\interview\Enzigma Test\spring_boot_backend_template\spring_boot_backend_template\src\test\resources
2025-04-29 23:30:29,754 [Worker-22: Building] INFO  o.a.m.s.f.DefaultMavenResourcesFiltering - Copying 1 resource from src\main\resources to target\classes
2025-04-29 23:30:29,762 [Worker-22: Building] INFO  o.a.m.s.f.DefaultMavenResourcesFiltering - Copying 0 resource from src\main\resources to target\classes
2025-04-29 23:30:29,764 [Worker-22: Building] INFO  o.a.m.s.f.DefaultMavenResourcesFiltering - skip non existing resourceDirectory D:\interview\Enzigma Test\spring_boot_backend_template\spring_boot_backend_template\src\test\resources
2025-04-29 23:30:49,318 [Worker-15: Building] INFO  o.a.m.s.f.DefaultMavenResourcesFiltering - Copying 1 resource from src\main\resources to target\classes
2025-04-29 23:30:49,323 [Worker-15: Building] INFO  o.a.m.s.f.DefaultMavenResourcesFiltering - Copying 0 resource from src\main\resources to target\classes
2025-04-29 23:30:49,326 [Worker-15: Building] INFO  o.a.m.s.f.DefaultMavenResourcesFiltering - skip non existing resourceDirectory D:\interview\Enzigma Test\spring_boot_backend_template\spring_boot_backend_template\src\test\resources
2025-04-29 23:31:14,806 [Worker-15: Building] INFO  o.a.m.s.f.DefaultMavenResourcesFiltering - Copying 1 resource from src\main\resources to target\classes
2025-04-29 23:31:14,811 [Worker-15: Building] INFO  o.a.m.s.f.DefaultMavenResourcesFiltering - Copying 0 resource from src\main\resources to target\classes
2025-04-29 23:31:14,814 [Worker-15: Building] INFO  o.a.m.s.f.DefaultMavenResourcesFiltering - skip non existing resourceDirectory D:\interview\Enzigma Test\spring_boot_backend_template\spring_boot_backend_template\src\test\resources
2025-04-29 23:35:42,712 [Worker-24: Building] INFO  o.a.m.s.f.DefaultMavenResourcesFiltering - Copying 1 resource from src\main\resources to target\classes
2025-04-29 23:35:42,718 [Worker-24: Building] INFO  o.a.m.s.f.DefaultMavenResourcesFiltering - Copying 0 resource from src\main\resources to target\classes
2025-04-29 23:35:42,720 [Worker-24: Building] INFO  o.a.m.s.f.DefaultMavenResourcesFiltering - skip non existing resourceDirectory D:\interview\Enzigma Test\spring_boot_backend_template\spring_boot_backend_template\src\test\resources
2025-04-29 23:36:01,493 [Worker-14: Building] INFO  o.a.m.s.f.DefaultMavenResourcesFiltering - Copying 1 resource from src\main\resources to target\classes
2025-04-29 23:36:01,500 [Worker-14: Building] INFO  o.a.m.s.f.DefaultMavenResourcesFiltering - Copying 0 resource from src\main\resources to target\classes
2025-04-29 23:36:01,503 [Worker-14: Building] INFO  o.a.m.s.f.DefaultMavenResourcesFiltering - skip non existing resourceDirectory D:\interview\Enzigma Test\spring_boot_backend_template\spring_boot_backend_template\src\test\resources
2025-04-29 23:43:34,807 [Worker-25: Building] INFO  o.a.m.s.f.DefaultMavenResourcesFiltering - Copying 1 resource from src\main\resources to target\classes
2025-04-29 23:43:34,813 [Worker-25: Building] INFO  o.a.m.s.f.DefaultMavenResourcesFiltering - Copying 0 resource from src\main\resources to target\classes
2025-04-29 23:43:34,815 [Worker-25: Building] INFO  o.a.m.s.f.DefaultMavenResourcesFiltering - skip non existing resourceDirectory D:\interview\Enzigma Test\spring_boot_backend_template\spring_boot_backend_template\src\test\resources
2025-04-29 23:44:30,784 [Worker-15: Building] INFO  o.a.m.s.f.DefaultMavenResourcesFiltering - Copying 1 resource from src\main\resources to target\classes
2025-04-29 23:44:30,798 [Worker-15: Building] INFO  o.a.m.s.f.DefaultMavenResourcesFiltering - Copying 0 resource from src\main\resources to target\classes
2025-04-29 23:44:30,802 [Worker-15: Building] INFO  o.a.m.s.f.DefaultMavenResourcesFiltering - skip non existing resourceDirectory D:\interview\Enzigma Test\spring_boot_backend_template\spring_boot_backend_template\src\test\resources
2025-04-29 23:45:10,429 [Worker-24: Building] INFO  o.a.m.s.f.DefaultMavenResourcesFiltering - Copying 1 resource from src\main\resources to target\classes
2025-04-29 23:45:10,434 [Worker-24: Building] INFO  o.a.m.s.f.DefaultMavenResourcesFiltering - Copying 0 resource from src\main\resources to target\classes
2025-04-29 23:45:10,437 [Worker-24: Building] INFO  o.a.m.s.f.DefaultMavenResourcesFiltering - skip non existing resourceDirectory D:\interview\Enzigma Test\spring_boot_backend_template\spring_boot_backend_template\src\test\resources
2025-04-30 00:31:44,795 [Worker-26: Building] INFO  o.a.m.s.f.DefaultMavenResourcesFiltering - Copying 1 resource from src\main\resources to target\classes
2025-04-30 00:31:44,806 [Worker-26: Building] INFO  o.a.m.s.f.DefaultMavenResourcesFiltering - Copying 0 resource from src\main\resources to target\classes
2025-04-30 00:31:44,809 [Worker-26: Building] INFO  o.a.m.s.f.DefaultMavenResourcesFiltering - skip non existing resourceDirectory D:\interview\Enzigma Test\spring_boot_backend_template\spring_boot_backend_template\src\test\resources
2025-04-30 00:42:58,702 [Worker-15: Building] INFO  o.a.m.s.f.DefaultMavenResourcesFiltering - Copying 1 resource from src\main\resources to target\classes
2025-04-30 00:42:58,708 [Worker-15: Building] INFO  o.a.m.s.f.DefaultMavenResourcesFiltering - Copying 0 resource from src\main\resources to target\classes
2025-04-30 00:42:58,710 [Worker-15: Building] INFO  o.a.m.s.f.DefaultMavenResourcesFiltering - skip non existing resourceDirectory D:\interview\Enzigma Test\spring_boot_backend_template\spring_boot_backend_template\src\test\resources
2025-04-30 00:43:43,189 [Worker-26: Building] INFO  o.a.m.s.f.DefaultMavenResourcesFiltering - Copying 1 resource from src\main\resources to target\classes
2025-04-30 00:43:43,197 [Worker-26: Building] INFO  o.a.m.s.f.DefaultMavenResourcesFiltering - Copying 0 resource from src\main\resources to target\classes
2025-04-30 00:43:43,199 [Worker-26: Building] INFO  o.a.m.s.f.DefaultMavenResourcesFiltering - skip non existing resourceDirectory D:\interview\Enzigma Test\spring_boot_backend_template\spring_boot_backend_template\src\test\resources
2025-04-30 00:44:13,167 [Worker-23: Building] INFO  o.a.m.s.f.DefaultMavenResourcesFiltering - Copying 1 resource from src\main\resources to target\classes
2025-04-30 00:44:13,172 [Worker-23: Building] INFO  o.a.m.s.f.DefaultMavenResourcesFiltering - Copying 0 resource from src\main\resources to target\classes
2025-04-30 00:44:13,174 [Worker-23: Building] INFO  o.a.m.s.f.DefaultMavenResourcesFiltering - skip non existing resourceDirectory D:\interview\Enzigma Test\spring_boot_backend_template\spring_boot_backend_template\src\test\resources
2025-04-30 00:46:13,113 [Worker-15: Building] INFO  o.a.m.s.f.DefaultMavenResourcesFiltering - Copying 1 resource from src\main\resources to target\classes
2025-04-30 00:46:13,120 [Worker-15: Building] INFO  o.a.m.s.f.DefaultMavenResourcesFiltering - Copying 0 resource from src\main\resources to target\classes
2025-04-30 00:46:13,122 [Worker-15: Building] INFO  o.a.m.s.f.DefaultMavenResourcesFiltering - skip non existing resourceDirectory D:\interview\Enzigma Test\spring_boot_backend_template\spring_boot_backend_template\src\test\resources
2025-04-30 00:47:29,908 [Worker-25: Building] INFO  o.a.m.s.f.DefaultMavenResourcesFiltering - Copying 1 resource from src\main\resources to target\classes
2025-04-30 00:47:29,913 [Worker-25: Building] INFO  o.a.m.s.f.DefaultMavenResourcesFiltering - Copying 0 resource from src\main\resources to target\classes
2025-04-30 00:47:29,916 [Worker-25: Building] INFO  o.a.m.s.f.DefaultMavenResourcesFiltering - skip non existing resourceDirectory D:\interview\Enzigma Test\spring_boot_backend_template\spring_boot_backend_template\src\test\resources
2025-04-30 00:47:53,517 [Worker-23: Building] INFO  o.a.m.s.f.DefaultMavenResourcesFiltering - Copying 1 resource from src\main\resources to target\classes
2025-04-30 00:47:53,523 [Worker-23: Building] INFO  o.a.m.s.f.DefaultMavenResourcesFiltering - Copying 0 resource from src\main\resources to target\classes
2025-04-30 00:47:53,525 [Worker-23: Building] INFO  o.a.m.s.f.DefaultMavenResourcesFiltering - skip non existing resourceDirectory D:\interview\Enzigma Test\spring_boot_backend_template\spring_boot_backend_template\src\test\resources
2025-04-30 00:51:19,531 [Worker-27: Building] INFO  o.a.m.s.f.DefaultMavenResourcesFiltering - Copying 1 resource from src\main\resources to target\classes
2025-04-30 00:51:19,535 [Worker-27: Building] INFO  o.a.m.s.f.DefaultMavenResourcesFiltering - Copying 0 resource from src\main\resources to target\classes
2025-04-30 00:51:19,536 [Worker-27: Building] INFO  o.a.m.s.f.DefaultMavenResourcesFiltering - skip non existing resourceDirectory D:\interview\Enzigma Test\spring_boot_backend_template\spring_boot_backend_template\src\test\resources
2025-04-30 00:51:28,388 [Worker-22: Building] INFO  o.a.m.s.f.DefaultMavenResourcesFiltering - Copying 1 resource from src\main\resources to target\classes
2025-04-30 00:51:28,392 [Worker-22: Building] INFO  o.a.m.s.f.DefaultMavenResourcesFiltering - Copying 0 resource from src\main\resources to target\classes
2025-04-30 00:51:28,394 [Worker-22: Building] INFO  o.a.m.s.f.DefaultMavenResourcesFiltering - skip non existing resourceDirectory D:\interview\Enzigma Test\spring_boot_backend_template\spring_boot_backend_template\src\test\resources
2025-04-30 01:34:48,080 [Worker-25: Building] INFO  o.a.m.s.f.DefaultMavenResourcesFiltering - Copying 1 resource from src\main\resources to target\classes
2025-04-30 01:34:48,090 [Worker-25: Building] INFO  o.a.m.s.f.DefaultMavenResourcesFiltering - Copying 0 resource from src\main\resources to target\classes
2025-04-30 01:34:48,093 [Worker-25: Building] INFO  o.a.m.s.f.DefaultMavenResourcesFiltering - skip non existing resourceDirectory D:\interview\Enzigma Test\spring_boot_backend_template\spring_boot_backend_template\src\test\resources
2025-04-30 01:34:49,340 [Worker-26: Building] INFO  o.a.m.s.f.DefaultMavenResourcesFiltering - Copying 1 resource from src\main\resources to target\classes
2025-04-30 01:34:49,341 [Worker-26: Building] INFO  o.a.m.s.f.DefaultMavenResourcesFiltering - Copying 0 resource from src\main\resources to target\classes
2025-04-30 01:34:49,344 [Worker-26: Building] INFO  o.a.m.s.f.DefaultMavenResourcesFiltering - skip non existing resourceDirectory D:\interview\Enzigma Test\spring_boot_backend_template\spring_boot_backend_template\src\test\resources
2025-04-30 01:39:30,254 [Worker-22: Launching spring_boot_backend_template - DemoApplication] INFO  o.a.m.s.f.DefaultMavenResourcesFiltering - Copying 1 resource from src\main\resources to target\classes
2025-04-30 01:39:30,313 [Worker-22: Launching spring_boot_backend_template - DemoApplication] INFO  o.a.m.s.f.DefaultMavenResourcesFiltering - Copying 0 resource from src\main\resources to target\classes
2025-04-30 01:39:30,318 [Worker-22: Launching spring_boot_backend_template - DemoApplication] INFO  o.a.m.s.f.DefaultMavenResourcesFiltering - skip non existing resourceDirectory D:\interview\Enzigma Test\spring_boot_backend_template\spring_boot_backend_template\src\test\resources
2025-04-30 01:40:03,687 [Worker-25: Building] INFO  o.a.m.s.f.DefaultMavenResourcesFiltering - Copying 1 resource from src\main\resources to target\classes
2025-04-30 01:40:03,697 [Worker-25: Building] INFO  o.a.m.s.f.DefaultMavenResourcesFiltering - Copying 0 resource from src\main\resources to target\classes
2025-04-30 01:40:03,700 [Worker-25: Building] INFO  o.a.m.s.f.DefaultMavenResourcesFiltering - skip non existing resourceDirectory D:\interview\Enzigma Test\spring_boot_backend_template\spring_boot_backend_template\src\test\resources
2025-04-30 07:33:11,557 [Worker-6: Loading available Gradle versions] INFO  o.e.b.c.i.u.g.PublishedGradleVersions - Gradle version information cache is up-to-date. Trying to read.
2025-04-30 07:33:16,594 [Worker-18: Building] INFO  o.a.m.s.f.DefaultMavenResourcesFiltering - Copying 1 resource from src\main\resources to target\classes
2025-04-30 07:33:16,625 [Worker-18: Building] INFO  o.a.m.s.f.DefaultMavenResourcesFiltering - Copying 0 resource from src\main\resources to target\classes
2025-04-30 07:33:16,643 [Worker-18: Building] INFO  o.a.m.s.f.DefaultMavenResourcesFiltering - skip non existing resourceDirectory C:\Users\MRUNALI\OneDrive\Desktop\EngigmaTest\spring_boot_backend_template\spring_boot_backend_template\src\test\resources
2025-04-30 07:33:55,703 [Worker-15: Building] INFO  o.a.m.s.f.DefaultMavenResourcesFiltering - Copying 1 resource from src\main\resources to target\classes
2025-04-30 07:33:55,709 [Worker-15: Building] INFO  o.a.m.s.f.DefaultMavenResourcesFiltering - Copying 0 resource from src\main\resources to target\classes
2025-04-30 07:33:55,714 [Worker-15: Building] INFO  o.a.m.s.f.DefaultMavenResourcesFiltering - skip non existing resourceDirectory C:\Users\MRUNALI\OneDrive\Desktop\EngigmaTest\spring_boot_backend_template\spring_boot_backend_template\src\test\resources
2025-04-30 07:36:02,009 [Worker-13: Building] INFO  o.a.m.s.f.DefaultMavenResourcesFiltering - Copying 1 resource from src\main\resources to target\classes
2025-04-30 07:36:02,016 [Worker-13: Building] INFO  o.a.m.s.f.DefaultMavenResourcesFiltering - Copying 0 resource from src\main\resources to target\classes
2025-04-30 07:36:02,020 [Worker-13: Building] INFO  o.a.m.s.f.DefaultMavenResourcesFiltering - skip non existing resourceDirectory C:\Users\MRUNALI\OneDrive\Desktop\EngigmaTest\spring_boot_backend_template\spring_boot_backend_template\src\test\resources
2025-04-30 07:36:21,167 [Worker-7: Building] INFO  o.a.m.s.f.DefaultMavenResourcesFiltering - Copying 1 resource from src\main\resources to target\classes
2025-04-30 07:36:21,174 [Worker-7: Building] INFO  o.a.m.s.f.DefaultMavenResourcesFiltering - Copying 0 resource from src\main\resources to target\classes
2025-04-30 07:36:21,177 [Worker-7: Building] INFO  o.a.m.s.f.DefaultMavenResourcesFiltering - skip non existing resourceDirectory C:\Users\MRUNALI\OneDrive\Desktop\EngigmaTest\spring_boot_backend_template\spring_boot_backend_template\src\test\resources
2025-04-30 07:39:23,287 [Worker-5: Building] INFO  o.a.m.s.f.DefaultMavenResourcesFiltering - Copying 1 resource from src\main\resources to target\classes
2025-04-30 07:39:23,296 [Worker-5: Building] INFO  o.a.m.s.f.DefaultMavenResourcesFiltering - Copying 0 resource from src\main\resources to target\classes
2025-04-30 07:39:23,301 [Worker-5: Building] INFO  o.a.m.s.f.DefaultMavenResourcesFiltering - skip non existing resourceDirectory C:\Users\MRUNALI\OneDrive\Desktop\EngigmaTest\spring_boot_backend_template\spring_boot_backend_template\src\test\resources
2025-04-30 07:40:15,543 [Worker-23: Building] INFO  o.a.m.s.f.DefaultMavenResourcesFiltering - Copying 1 resource from src\main\resources to target\classes
2025-04-30 07:40:15,548 [Worker-23: Building] INFO  o.a.m.s.f.DefaultMavenResourcesFiltering - Copying 0 resource from src\main\resources to target\classes
2025-04-30 07:40:15,551 [Worker-23: Building] INFO  o.a.m.s.f.DefaultMavenResourcesFiltering - skip non existing resourceDirectory C:\Users\MRUNALI\OneDrive\Desktop\EngigmaTest\spring_boot_backend_template\spring_boot_backend_template\src\test\resources
2025-04-30 07:40:51,066 [Worker-23: Building] INFO  o.a.m.s.f.DefaultMavenResourcesFiltering - Copying 1 resource from src\main\resources to target\classes
2025-04-30 07:40:51,072 [Worker-23: Building] INFO  o.a.m.s.f.DefaultMavenResourcesFiltering - Copying 0 resource from src\main\resources to target\classes
2025-04-30 07:40:51,075 [Worker-23: Building] INFO  o.a.m.s.f.DefaultMavenResourcesFiltering - skip non existing resourceDirectory C:\Users\MRUNALI\OneDrive\Desktop\EngigmaTest\spring_boot_backend_template\spring_boot_backend_template\src\test\resources
2025-04-30 07:41:14,779 [Worker-22: Building] INFO  o.a.m.s.f.DefaultMavenResourcesFiltering - Copying 1 resource from src\main\resources to target\classes
2025-04-30 07:41:14,785 [Worker-22: Building] INFO  o.a.m.s.f.DefaultMavenResourcesFiltering - Copying 0 resource from src\main\resources to target\classes
2025-04-30 07:41:14,789 [Worker-22: Building] INFO  o.a.m.s.f.DefaultMavenResourcesFiltering - skip non existing resourceDirectory C:\Users\MRUNALI\OneDrive\Desktop\EngigmaTest\spring_boot_backend_template\spring_boot_backend_template\src\test\resources
2025-04-30 07:43:32,848 [Worker-8: Building] INFO  o.a.m.s.f.DefaultMavenResourcesFiltering - Copying 1 resource from src\main\resources to target\classes
2025-04-30 07:43:32,858 [Worker-8: Building] INFO  o.a.m.s.f.DefaultMavenResourcesFiltering - Copying 0 resource from src\main\resources to target\classes
2025-04-30 07:43:32,862 [Worker-8: Building] INFO  o.a.m.s.f.DefaultMavenResourcesFiltering - skip non existing resourceDirectory C:\Users\MRUNALI\OneDrive\Desktop\EngigmaTest\spring_boot_backend_template\spring_boot_backend_template\src\test\resources
2025-04-30 07:43:50,037 [Worker-23: Building] INFO  o.a.m.s.f.DefaultMavenResourcesFiltering - Copying 1 resource from src\main\resources to target\classes
2025-04-30 07:43:50,042 [Worker-23: Building] INFO  o.a.m.s.f.DefaultMavenResourcesFiltering - Copying 0 resource from src\main\resources to target\classes
2025-04-30 07:43:50,046 [Worker-23: Building] INFO  o.a.m.s.f.DefaultMavenResourcesFiltering - skip non existing resourceDirectory C:\Users\MRUNALI\OneDrive\Desktop\EngigmaTest\spring_boot_backend_template\spring_boot_backend_template\src\test\resources
2025-04-30 07:45:28,415 [Worker-8: Building] INFO  o.a.m.s.f.DefaultMavenResourcesFiltering - Copying 1 resource from src\main\resources to target\classes
2025-04-30 07:45:28,422 [Worker-8: Building] INFO  o.a.m.s.f.DefaultMavenResourcesFiltering - Copying 0 resource from src\main\resources to target\classes
2025-04-30 07:45:28,425 [Worker-8: Building] INFO  o.a.m.s.f.DefaultMavenResourcesFiltering - skip non existing resourceDirectory C:\Users\MRUNALI\OneDrive\Desktop\EngigmaTest\spring_boot_backend_template\spring_boot_backend_template\src\test\resources
2025-04-30 07:45:35,250 [Worker-19: Building] INFO  o.a.m.s.f.DefaultMavenResourcesFiltering - Copying 1 resource from src\main\resources to target\classes
2025-04-30 07:45:35,254 [Worker-19: Building] INFO  o.a.m.s.f.DefaultMavenResourcesFiltering - Copying 0 resource from src\main\resources to target\classes
2025-04-30 07:45:35,256 [Worker-19: Building] INFO  o.a.m.s.f.DefaultMavenResourcesFiltering - skip non existing resourceDirectory C:\Users\MRUNALI\OneDrive\Desktop\EngigmaTest\spring_boot_backend_template\spring_boot_backend_template\src\test\resources
2025-04-30 07:45:51,620 [Worker-20: Building] INFO  o.a.m.s.f.DefaultMavenResourcesFiltering - Copying 1 resource from src\main\resources to target\classes
2025-04-30 07:45:51,625 [Worker-20: Building] INFO  o.a.m.s.f.DefaultMavenResourcesFiltering - Copying 0 resource from src\main\resources to target\classes
2025-04-30 07:45:51,628 [Worker-20: Building] INFO  o.a.m.s.f.DefaultMavenResourcesFiltering - skip non existing resourceDirectory C:\Users\MRUNALI\OneDrive\Desktop\EngigmaTest\spring_boot_backend_template\spring_boot_backend_template\src\test\resources
2025-04-30 07:47:46,200 [Worker-8: Building] INFO  o.a.m.s.f.DefaultMavenResourcesFiltering - Copying 1 resource from src\main\resources to target\classes
2025-04-30 07:47:46,206 [Worker-8: Building] INFO  o.a.m.s.f.DefaultMavenResourcesFiltering - Copying 0 resource from src\main\resources to target\classes
2025-04-30 07:47:46,209 [Worker-8: Building] INFO  o.a.m.s.f.DefaultMavenResourcesFiltering - skip non existing resourceDirectory C:\Users\MRUNALI\OneDrive\Desktop\EngigmaTest\spring_boot_backend_template\spring_boot_backend_template\src\test\resources
2025-04-30 07:48:01,191 [Worker-23: Building] INFO  o.a.m.s.f.DefaultMavenResourcesFiltering - Copying 1 resource from src\main\resources to target\classes
2025-04-30 07:48:01,195 [Worker-23: Building] INFO  o.a.m.s.f.DefaultMavenResourcesFiltering - Copying 0 resource from src\main\resources to target\classes
2025-04-30 07:48:01,197 [Worker-23: Building] INFO  o.a.m.s.f.DefaultMavenResourcesFiltering - skip non existing resourceDirectory C:\Users\MRUNALI\OneDrive\Desktop\EngigmaTest\spring_boot_backend_template\spring_boot_backend_template\src\test\resources
2025-04-30 07:49:26,326 [Worker-23: Building] INFO  o.a.m.s.f.DefaultMavenResourcesFiltering - Copying 1 resource from src\main\resources to target\classes
2025-04-30 07:49:26,332 [Worker-23: Building] INFO  o.a.m.s.f.DefaultMavenResourcesFiltering - Copying 0 resource from src\main\resources to target\classes
2025-04-30 07:49:26,334 [Worker-23: Building] INFO  o.a.m.s.f.DefaultMavenResourcesFiltering - skip non existing resourceDirectory C:\Users\MRUNALI\OneDrive\Desktop\EngigmaTest\spring_boot_backend_template\spring_boot_backend_template\src\test\resources
2025-04-30 07:50:05,418 [Worker-22: Building] INFO  o.a.m.s.f.DefaultMavenResourcesFiltering - Copying 1 resource from src\main\resources to target\classes
2025-04-30 07:50:05,424 [Worker-22: Building] INFO  o.a.m.s.f.DefaultMavenResourcesFiltering - Copying 0 resource from src\main\resources to target\classes
2025-04-30 07:50:05,427 [Worker-22: Building] INFO  o.a.m.s.f.DefaultMavenResourcesFiltering - skip non existing resourceDirectory C:\Users\MRUNALI\OneDrive\Desktop\EngigmaTest\spring_boot_backend_template\spring_boot_backend_template\src\test\resources
2025-04-30 07:51:10,573 [Worker-5: Building] INFO  o.a.m.s.f.DefaultMavenResourcesFiltering - Copying 1 resource from src\main\resources to target\classes
2025-04-30 07:51:10,578 [Worker-5: Building] INFO  o.a.m.s.f.DefaultMavenResourcesFiltering - Copying 0 resource from src\main\resources to target\classes
2025-04-30 07:51:10,581 [Worker-5: Building] INFO  o.a.m.s.f.DefaultMavenResourcesFiltering - skip non existing resourceDirectory C:\Users\MRUNALI\OneDrive\Desktop\EngigmaTest\spring_boot_backend_template\spring_boot_backend_template\src\test\resources
2025-04-30 07:51:44,906 [Worker-23: Building] INFO  o.a.m.s.f.DefaultMavenResourcesFiltering - Copying 1 resource from src\main\resources to target\classes
2025-04-30 07:51:44,912 [Worker-23: Building] INFO  o.a.m.s.f.DefaultMavenResourcesFiltering - Copying 0 resource from src\main\resources to target\classes
2025-04-30 07:51:44,915 [Worker-23: Building] INFO  o.a.m.s.f.DefaultMavenResourcesFiltering - skip non existing resourceDirectory C:\Users\MRUNALI\OneDrive\Desktop\EngigmaTest\spring_boot_backend_template\spring_boot_backend_template\src\test\resources
2025-04-30 07:53:25,168 [Worker-5: Building] INFO  o.a.m.s.f.DefaultMavenResourcesFiltering - Copying 1 resource from src\main\resources to target\classes
2025-04-30 07:53:25,175 [Worker-5: Building] INFO  o.a.m.s.f.DefaultMavenResourcesFiltering - Copying 0 resource from src\main\resources to target\classes
2025-04-30 07:53:25,179 [Worker-5: Building] INFO  o.a.m.s.f.DefaultMavenResourcesFiltering - skip non existing resourceDirectory C:\Users\MRUNALI\OneDrive\Desktop\EngigmaTest\spring_boot_backend_template\spring_boot_backend_template\src\test\resources
2025-04-30 07:56:14,571 [Worker-21: Building] INFO  o.a.m.s.f.DefaultMavenResourcesFiltering - Copying 1 resource from src\main\resources to target\classes
2025-04-30 07:56:14,576 [Worker-21: Building] INFO  o.a.m.s.f.DefaultMavenResourcesFiltering - Copying 0 resource from src\main\resources to target\classes
2025-04-30 07:56:14,578 [Worker-21: Building] INFO  o.a.m.s.f.DefaultMavenResourcesFiltering - skip non existing resourceDirectory C:\Users\MRUNALI\OneDrive\Desktop\EngigmaTest\spring_boot_backend_template\spring_boot_backend_template\src\test\resources
2025-04-30 07:56:31,609 [Worker-5: Building] INFO  o.a.m.s.f.DefaultMavenResourcesFiltering - Copying 1 resource from src\main\resources to target\classes
2025-04-30 07:56:31,612 [Worker-5: Building] INFO  o.a.m.s.f.DefaultMavenResourcesFiltering - Copying 0 resource from src\main\resources to target\classes
2025-04-30 07:56:31,616 [Worker-5: Building] INFO  o.a.m.s.f.DefaultMavenResourcesFiltering - skip non existing resourceDirectory C:\Users\MRUNALI\OneDrive\Desktop\EngigmaTest\spring_boot_backend_template\spring_boot_backend_template\src\test\resources
2025-04-30 07:56:51,947 [Worker-19: Building] INFO  o.a.m.s.f.DefaultMavenResourcesFiltering - Copying 1 resource from src\main\resources to target\classes
2025-04-30 07:56:51,951 [Worker-19: Building] INFO  o.a.m.s.f.DefaultMavenResourcesFiltering - Copying 0 resource from src\main\resources to target\classes
2025-04-30 07:56:51,953 [Worker-19: Building] INFO  o.a.m.s.f.DefaultMavenResourcesFiltering - skip non existing resourceDirectory C:\Users\MRUNALI\OneDrive\Desktop\EngigmaTest\spring_boot_backend_template\spring_boot_backend_template\src\test\resources
2025-04-30 07:58:21,834 [Worker-23: Building] INFO  o.a.m.s.f.DefaultMavenResourcesFiltering - Copying 1 resource from src\main\resources to target\classes
2025-04-30 07:58:21,842 [Worker-23: Building] INFO  o.a.m.s.f.DefaultMavenResourcesFiltering - Copying 0 resource from src\main\resources to target\classes
2025-04-30 07:58:21,844 [Worker-23: Building] INFO  o.a.m.s.f.DefaultMavenResourcesFiltering - skip non existing resourceDirectory C:\Users\MRUNALI\OneDrive\Desktop\EngigmaTest\spring_boot_backend_template\spring_boot_backend_template\src\test\resources
2025-04-30 08:03:59,008 [Worker-20: Building] INFO  o.a.m.s.f.DefaultMavenResourcesFiltering - Copying 1 resource from src\main\resources to target\classes
2025-04-30 08:03:59,016 [Worker-20: Building] INFO  o.a.m.s.f.DefaultMavenResourcesFiltering - Copying 0 resource from src\main\resources to target\classes
2025-04-30 08:03:59,020 [Worker-20: Building] INFO  o.a.m.s.f.DefaultMavenResourcesFiltering - skip non existing resourceDirectory C:\Users\MRUNALI\OneDrive\Desktop\EngigmaTest\spring_boot_backend_template\spring_boot_backend_template\src\test\resources
2025-04-30 08:04:24,201 [Worker-23: Building] INFO  o.a.m.s.f.DefaultMavenResourcesFiltering - Copying 1 resource from src\main\resources to target\classes
2025-04-30 08:04:24,207 [Worker-23: Building] INFO  o.a.m.s.f.DefaultMavenResourcesFiltering - Copying 0 resource from src\main\resources to target\classes
2025-04-30 08:04:24,210 [Worker-23: Building] INFO  o.a.m.s.f.DefaultMavenResourcesFiltering - skip non existing resourceDirectory C:\Users\MRUNALI\OneDrive\Desktop\EngigmaTest\spring_boot_backend_template\spring_boot_backend_template\src\test\resources
2025-04-30 08:08:47,753 [Worker-19: Building] INFO  o.a.m.s.f.DefaultMavenResourcesFiltering - Copying 1 resource from src\main\resources to target\classes
2025-04-30 08:08:47,759 [Worker-19: Building] INFO  o.a.m.s.f.DefaultMavenResourcesFiltering - Copying 0 resource from src\main\resources to target\classes
2025-04-30 08:08:47,762 [Worker-19: Building] INFO  o.a.m.s.f.DefaultMavenResourcesFiltering - skip non existing resourceDirectory C:\Users\MRUNALI\OneDrive\Desktop\EngigmaTest\spring_boot_backend_template\spring_boot_backend_template\src\test\resources
2025-04-30 08:09:39,299 [Worker-20: Building] INFO  o.a.m.s.f.DefaultMavenResourcesFiltering - Copying 1 resource from src\main\resources to target\classes
2025-04-30 08:09:39,306 [Worker-20: Building] INFO  o.a.m.s.f.DefaultMavenResourcesFiltering - Copying 0 resource from src\main\resources to target\classes
2025-04-30 08:09:39,308 [Worker-20: Building] INFO  o.a.m.s.f.DefaultMavenResourcesFiltering - skip non existing resourceDirectory C:\Users\MRUNALI\OneDrive\Desktop\EngigmaTest\spring_boot_backend_template\spring_boot_backend_template\src\test\resources
2025-04-30 08:10:52,746 [Worker-24: Building] INFO  o.a.m.s.f.DefaultMavenResourcesFiltering - Copying 1 resource from src\main\resources to target\classes
2025-04-30 08:10:52,756 [Worker-24: Building] INFO  o.a.m.s.f.DefaultMavenResourcesFiltering - Copying 0 resource from src\main\resources to target\classes
2025-04-30 08:10:52,760 [Worker-24: Building] INFO  o.a.m.s.f.DefaultMavenResourcesFiltering - skip non existing resourceDirectory C:\Users\MRUNALI\OneDrive\Desktop\EngigmaTest\spring_boot_backend_template\spring_boot_backend_template\src\test\resources
2025-04-30 08:12:39,539 [Worker-19: Building] INFO  o.a.m.s.f.DefaultMavenResourcesFiltering - Copying 1 resource from src\main\resources to target\classes
2025-04-30 08:12:39,546 [Worker-19: Building] INFO  o.a.m.s.f.DefaultMavenResourcesFiltering - Copying 0 resource from src\main\resources to target\classes
2025-04-30 08:12:39,549 [Worker-19: Building] INFO  o.a.m.s.f.DefaultMavenResourcesFiltering - skip non existing resourceDirectory C:\Users\MRUNALI\OneDrive\Desktop\EngigmaTest\spring_boot_backend_template\spring_boot_backend_template\src\test\resources
2025-04-30 08:12:45,366 [Worker-22: Building] INFO  o.a.m.s.f.DefaultMavenResourcesFiltering - Copying 1 resource from src\main\resources to target\classes
2025-04-30 08:12:45,372 [Worker-22: Building] INFO  o.a.m.s.f.DefaultMavenResourcesFiltering - Copying 0 resource from src\main\resources to target\classes
2025-04-30 08:12:45,376 [Worker-22: Building] INFO  o.a.m.s.f.DefaultMavenResourcesFiltering - skip non existing resourceDirectory C:\Users\MRUNALI\OneDrive\Desktop\EngigmaTest\spring_boot_backend_template\spring_boot_backend_template\src\test\resources
2025-04-30 08:12:51,722 [Worker-23: Building] INFO  o.a.m.s.f.DefaultMavenResourcesFiltering - Copying 1 resource from src\main\resources to target\classes
2025-04-30 08:12:51,727 [Worker-23: Building] INFO  o.a.m.s.f.DefaultMavenResourcesFiltering - Copying 0 resource from src\main\resources to target\classes
2025-04-30 08:12:51,730 [Worker-23: Building] INFO  o.a.m.s.f.DefaultMavenResourcesFiltering - skip non existing resourceDirectory C:\Users\MRUNALI\OneDrive\Desktop\EngigmaTest\spring_boot_backend_template\spring_boot_backend_template\src\test\resources
2025-04-30 08:12:57,941 [Worker-20: Building] INFO  o.a.m.s.f.DefaultMavenResourcesFiltering - Copying 1 resource from src\main\resources to target\classes
2025-04-30 08:12:57,948 [Worker-20: Building] INFO  o.a.m.s.f.DefaultMavenResourcesFiltering - Copying 0 resource from src\main\resources to target\classes
2025-04-30 08:12:57,952 [Worker-20: Building] INFO  o.a.m.s.f.DefaultMavenResourcesFiltering - skip non existing resourceDirectory C:\Users\MRUNALI\OneDrive\Desktop\EngigmaTest\spring_boot_backend_template\spring_boot_backend_template\src\test\resources
2025-04-30 08:13:02,801 [Worker-24: Building] INFO  o.a.m.s.f.DefaultMavenResourcesFiltering - Copying 1 resource from src\main\resources to target\classes
2025-04-30 08:13:02,807 [Worker-24: Building] INFO  o.a.m.s.f.DefaultMavenResourcesFiltering - Copying 0 resource from src\main\resources to target\classes
2025-04-30 08:13:02,810 [Worker-24: Building] INFO  o.a.m.s.f.DefaultMavenResourcesFiltering - skip non existing resourceDirectory C:\Users\MRUNALI\OneDrive\Desktop\EngigmaTest\spring_boot_backend_template\spring_boot_backend_template\src\test\resources
2025-04-30 08:13:17,873 [Worker-20: Building] INFO  o.a.m.s.f.DefaultMavenResourcesFiltering - Copying 1 resource from src\main\resources to target\classes
2025-04-30 08:13:17,878 [Worker-20: Building] INFO  o.a.m.s.f.DefaultMavenResourcesFiltering - Copying 0 resource from src\main\resources to target\classes
2025-04-30 08:13:17,880 [Worker-20: Building] INFO  o.a.m.s.f.DefaultMavenResourcesFiltering - skip non existing resourceDirectory C:\Users\MRUNALI\OneDrive\Desktop\EngigmaTest\spring_boot_backend_template\spring_boot_backend_template\src\test\resources
2025-04-30 08:13:28,213 [Worker-19: Building] INFO  o.a.m.s.f.DefaultMavenResourcesFiltering - Copying 1 resource from src\main\resources to target\classes
2025-04-30 08:13:28,218 [Worker-19: Building] INFO  o.a.m.s.f.DefaultMavenResourcesFiltering - Copying 0 resource from src\main\resources to target\classes
2025-04-30 08:13:28,221 [Worker-19: Building] INFO  o.a.m.s.f.DefaultMavenResourcesFiltering - skip non existing resourceDirectory C:\Users\MRUNALI\OneDrive\Desktop\EngigmaTest\spring_boot_backend_template\spring_boot_backend_template\src\test\resources
2025-04-30 08:13:35,550 [Worker-8: Building] INFO  o.a.m.s.f.DefaultMavenResourcesFiltering - Copying 1 resource from src\main\resources to target\classes
2025-04-30 08:13:35,553 [Worker-8: Building] INFO  o.a.m.s.f.DefaultMavenResourcesFiltering - Copying 0 resource from src\main\resources to target\classes
2025-04-30 08:13:35,556 [Worker-8: Building] INFO  o.a.m.s.f.DefaultMavenResourcesFiltering - skip non existing resourceDirectory C:\Users\MRUNALI\OneDrive\Desktop\EngigmaTest\spring_boot_backend_template\spring_boot_backend_template\src\test\resources
2025-04-30 08:52:17,566 [Worker-1: Loading available Gradle versions] INFO  o.e.b.c.i.u.g.PublishedGradleVersions - Gradle version information cache is up-to-date. Trying to read.
2025-04-30 08:53:34,841 [Worker-11: Building] INFO  o.a.m.s.f.DefaultMavenResourcesFiltering - Copying 1 resource from src\main\resources to target\classes
2025-04-30 08:53:34,904 [Worker-11: Building] INFO  o.a.m.s.f.DefaultMavenResourcesFiltering - Copying 0 resource from src\main\resources to target\classes
2025-04-30 08:53:34,911 [Worker-11: Building] INFO  o.a.m.s.f.DefaultMavenResourcesFiltering - skip non existing resourceDirectory D:\CDAC\personal_Gitdata\EnzigmaTest\spring_boot_backend_template\spring_boot_backend_template\src\test\resources
2025-04-30 09:42:56,815 [Worker-17: Building] INFO  o.a.m.s.f.DefaultMavenResourcesFiltering - Copying 1 resource from src\main\resources to target\classes
2025-04-30 09:42:56,834 [Worker-17: Building] INFO  o.a.m.s.f.DefaultMavenResourcesFiltering - Copying 0 resource from src\main\resources to target\classes
2025-04-30 09:42:56,838 [Worker-17: Building] INFO  o.a.m.s.f.DefaultMavenResourcesFiltering - skip non existing resourceDirectory D:\CDAC\personal_Gitdata\EnzigmaTest\spring_boot_backend_template\spring_boot_backend_template\src\test\resources
